e807f1fcf82d132f9bb018ca6738a19f
e8dc4081b13434b45189a720b77b6818
25b352b67f1dbe0f1c3e58c6fcf091be
9177a9fbdb235f09593e3f815d27c9ec